[13:51:29.597] Logger initialized
[13:51:29.597] Ra2Overlay worker started (Win32/x86)
[13:51:29.677] Hook enabled: GDI32!SwapBuffers at 779B57F0
[13:51:29.677] DDraw: host does not import ddraw.dll; DirectDraw path skipped
[13:51:29.797] GameHooks: hooked LogicClass::Update (0x55AFB0)
[13:51:29.797] InfiniteHealth: frame callback registered
[13:51:29.797] InstantBuild: frame callback registered
[13:51:29.797] VeterancyMax: frame callback registered
[13:51:29.797] UnlimitedMoney: frame callback registered
[13:51:29.797] UnlimitedPower: frame callback registered
[13:51:29.797] FastMining: frame callback registered
[13:51:29.797] UnlimitedSuperweapon: frame callback registered
[13:51:29.797] UnlimitedFirepower: frame callback registered
[13:51:29.797] InstantTurn: frame callback registered
[13:51:29.797] AutoRepair: frame callback registered
[13:51:29.797] SpeedControl: pause frame callback registered
[13:51:29.797] SpeedControl: speed frame callback registered
[13:51:29.797] RevealMap: per-frame callback registered
[13:51:29.797] BuildEveryWhere: registered (hook installed on enable)
[13:51:29.797] UnlimitTech: registered (hook installed on enable)
[13:51:29.797] RangeMax: registered (hook installed on enable)
[13:51:29.797] ForceFire: registered (hook installed on enable)
[13:51:29.797] UnitSpeedUp: frame callback registered
[14:38:27.189] Logger initialized
[14:38:27.189] Ra2Overlay worker started (Win32/x86)
[14:38:27.280] Hook enabled: GDI32!SwapBuffers at 779B57F0
[14:38:27.280] DDraw: host does not import ddraw.dll; DirectDraw path skipped
[14:38:27.388] GameHooks: hooked LogicClass::Update (0x55AFB0)
[14:38:27.388] InfiniteHealth: frame callback registered
[14:38:27.388] InstantBuild: frame callback registered
[14:38:27.388] VeterancyMax: frame callback registered
[14:38:27.388] UnlimitedMoney: frame callback registered
[14:38:27.388] UnlimitedPower: frame callback registered
[14:38:27.388] FastMining: frame callback registered
[14:38:27.388] UnlimitedSuperweapon: frame callback registered
[14:38:27.388] UnlimitedFirepower: frame callback registered
[14:38:27.388] InstantTurn: frame callback registered
[14:38:27.388] AutoRepair: frame callback registered
[14:38:27.388] SpeedControl: pause frame callback registered
[14:38:27.388] SpeedControl: speed frame callback registered
[14:38:27.388] RevealMap: per-frame callback registered
[14:38:27.388] BuildEveryWhere: registered (hook installed on enable)
[14:38:27.388] UnlimitTech: registered (hook installed on enable)
[14:38:27.388] RangeMax: registered (hook installed on enable)
[14:38:27.388] ForceFire: registered (hook installed on enable)
[14:38:27.388] UnitSpeedUp: frame callback registered
